[Thornfield] === p00_import_assets start ===
[Thornfield] Interchange FBX import flag after switch: False (False = legacy importer active)
[Thornfield] Skip BermBunker (already imported)
[Thornfield] Skip body BermBunker (collision already present)
[Thornfield] Skip HangarBlock (already imported)
[Thornfield] Skip body HangarBlock (collision already present)
[Thornfield] Skip CentralBunker (already imported)
[Thornfield] Skip body CentralBunker (collision already present)
[Thornfield] Skip GateCheckpoint (already imported)
[Thornfield] Skip body GateCheckpoint (collision already present)
[Thornfield] Skip WatchTower (already imported)
[Thornfield] Skip body WatchTower (collision already present)
[Thornfield] Skip CommsTower (already imported)
[Thornfield] Skip body CommsTower (collision already present)
[Thornfield] Skip RearShed (already imported)
[Thornfield] Skip body RearShed (collision already present)
[Thornfield] Skip MessHall (already imported)
[Thornfield] Skip body MessHall (collision already present)
[Thornfield] VERIFY: import_buildings PASS (8 buildings)
[Thornfield] Skip Tree_Spruce_A (already imported)
[Thornfield] Skip Tree_PonderosaPine_A (already imported)
[Thornfield] Skip Tree_DeadSnag_A (already imported)
[Thornfield] Skip Rock_MossBoulder_A (already imported)
[Thornfield] Skip Rock_MossCluster_B (already imported)
[Thornfield] Skip Rock_GranitePillar_C (already imported)
[Thornfield] Skip Rock_RiverBoulder_D (already imported)
[Thornfield] Skip Cliff_GraniteWall_A (already imported)
[Thornfield] Skip Mountain_Forested_A (already imported)
[Thornfield] VERIFY: import_nature PASS (9 models)
[Thornfield] VERIFY: import_textures PASS (21 textures)
[Thornfield] SUMMARY: 3 checks, 3 PASS, 0 FAIL
[Thornfield] Log file: X:\IronBreach\LevelGenTools\logs\p00_import_assets_20261003_045444.log
