[Thornfield] === p07a_inspect_slots start ===
[Thornfield] BermBunker | SM_BermBunker | slots=['M_FloorConcrete', 'M_Concrete', 'M_MossEarth', 'M_ConcreteDark', 'M_Hazard', 'M_Steel', 'M_LightBlue', 'M_LightAmber', 'M_Banner', 'M_LightWhite', 'M_Fabric', 'M_SteelOlive']
[Thornfield] BermBunker | SM_BermBunker_BlastDoor_L | slots=['M_Steel', 'M_Hazard', 'M_LightAmber']
[Thornfield] BermBunker | SM_BermBunker_BlastDoor_R | slots=['M_Steel', 'M_Hazard', 'M_LightAmber']
[Thornfield] BermBunker | SM_BermBunker_InnerDoor_L | slots=['M_Steel']
[Thornfield] BermBunker | SM_BermBunker_InnerDoor_R | slots=['M_Steel']
[Thornfield] BermBunker | SM_BermBunker_RearDoor | slots=['M_Steel']
[Thornfield] HangarBlock | SM_HangarBlock | slots=['M_FloorConcrete', 'M_Hazard', 'M_SteelDark', 'M_SteelOlive', 'M_ConcreteDark', 'M_Steel', 'M_LightAmber', 'M_Solar', 'M_Glass', 'M_Concrete', 'M_Banner']
[Thornfield] HangarBlock | SM_HangarBlock_Bay0_DoorLA | slots=['M_Steel', 'M_Hazard', 'M_LightAmber']
[Thornfield] HangarBlock | SM_HangarBlock_Bay0_DoorLB | slots=['M_Steel', 'M_Hazard', 'M_LightAmber']
[Thornfield] HangarBlock | SM_HangarBlock_Bay0_DoorRA | slots=['M_Steel', 'M_Hazard', 'M_LightAmber']
[Thornfield] HangarBlock | SM_HangarBlock_Bay0_DoorRB | slots=['M_Steel', 'M_Hazard', 'M_LightAmber']
[Thornfield] HangarBlock | SM_HangarBlock_Bay0_RearDoor | slots=['M_Steel']
[Thornfield] HangarBlock | SM_HangarBlock_Bay1_DoorLA | slots=['M_Steel', 'M_Hazard', 'M_LightAmber']
[Thornfield] HangarBlock | SM_HangarBlock_Bay1_DoorLB | slots=['M_Steel', 'M_Hazard', 'M_LightAmber']
[Thornfield] HangarBlock | SM_HangarBlock_Bay1_DoorRA | slots=['M_Steel', 'M_Hazard', 'M_LightAmber']
[Thornfield] HangarBlock | SM_HangarBlock_Bay1_DoorRB | slots=['M_Steel', 'M_Hazard', 'M_LightAmber']
[Thornfield] HangarBlock | SM_HangarBlock_Bay1_RearDoor | slots=['M_Steel']
[Thornfield] HangarBlock | SM_HangarBlock_Bay2_DoorLA | slots=['M_Steel', 'M_Hazard', 'M_LightAmber']
[Thornfield] HangarBlock | SM_HangarBlock_Bay2_DoorLB | slots=['M_Steel', 'M_Hazard', 'M_LightAmber']
[Thornfield] HangarBlock | SM_HangarBlock_Bay2_DoorRA | slots=['M_Steel', 'M_Hazard', 'M_LightAmber']
[Thornfield] HangarBlock | SM_HangarBlock_Bay2_DoorRB | slots=['M_Steel', 'M_Hazard', 'M_LightAmber']
[Thornfield] HangarBlock | SM_HangarBlock_Bay2_RearDoor | slots=['M_Steel']
[Thornfield] CentralBunker | SM_CentralBunker | slots=['M_FloorConcrete', 'M_SteelDark', 'M_MossEarth', 'M_ConcreteDark', 'M_SteelOlive', 'M_Steel', 'M_LightAmber', 'M_Concrete', 'M_LightBlue', 'M_Banner', 'M_Hazard', 'M_LightWhite', 'M_Screen', 'M_Fabric']
[Thornfield] CentralBunker | SM_CentralBunker_FrontC_DoorL | slots=['M_Steel', 'M_Hazard', 'M_LightAmber']
[Thornfield] CentralBunker | SM_CentralBunker_FrontC_DoorR | slots=['M_Steel', 'M_Hazard', 'M_LightAmber']
[Thornfield] CentralBunker | SM_CentralBunker_FrontE_DoorL | slots=['M_Steel', 'M_Hazard', 'M_LightAmber']
[Thornfield] CentralBunker | SM_CentralBunker_FrontE_DoorR | slots=['M_Steel', 'M_Hazard', 'M_LightAmber']
[Thornfield] CentralBunker | SM_CentralBunker_FrontW_DoorL | slots=['M_Steel', 'M_Hazard', 'M_LightAmber']
[Thornfield] CentralBunker | SM_CentralBunker_FrontW_DoorR | slots=['M_Steel', 'M_Hazard', 'M_LightAmber']
[Thornfield] CentralBunker | SM_CentralBunker_InnerEDoor | slots=['M_Steel']
[Thornfield] CentralBunker | SM_CentralBunker_InnerWDoor | slots=['M_Steel']
[Thornfield] CentralBunker | SM_CentralBunker_RearDoor | slots=['M_Steel']
[Thornfield] GateCheckpoint | SM_GateCheckpoint | slots=['M_FloorConcrete', 'M_ConcreteDark', 'M_RoadLine', 'M_SafetyYellow', 'M_SteelDark', 'M_Steel', 'M_Hazard', 'M_LightBlue', 'M_Concrete', 'M_LightWhite', 'M_GlassAmber', 'M_SteelOlive', 'M_Screen', 'M_LightAmber']
[Thornfield] GateCheckpoint | SM_GateCheckpoint_BoomBarrier | slots=['M_Hazard', 'M_RoadLine']
[Thornfield] GateCheckpoint | SM_GateCheckpoint_SM_GateCheckpoint_TowerE_Door | slots=['M_Steel']
[Thornfield] GateCheckpoint | SM_GateCheckpoint_SM_GateCheckpoint_TowerW_Door | slots=['M_Steel']
[Thornfield] WatchTower | SM_WatchTower | slots=['M_FloorConcrete', 'M_Concrete', 'M_ConcreteDark', 'M_Steel', 'M_LightWhite', 'M_GlassAmber', 'M_LightBlue', 'M_SteelOlive', 'M_Screen', 'M_Banner']
[Thornfield] WatchTower | SM_WatchTower_SM_WatchTower_Door | slots=['M_Steel']
[Thornfield] CommsTower | SM_CommsTower | slots=['M_FloorConcrete', 'M_Concrete', 'M_ConcreteDark', 'M_Steel', 'M_Hazard', 'M_SteelOlive', 'M_LightBlue', 'M_Screen', 'M_LightWhite', 'M_LightRed']
[Thornfield] CommsTower | SM_CommsTower_Door | slots=['M_Steel']
[Thornfield] RearShed | SM_RearShed | slots=['M_FloorConcrete', 'M_SteelDark', 'M_SteelOlive', 'M_GlassAmber', 'M_Steel', 'M_LightAmber', 'M_ConcreteDark', 'M_Banner', 'M_LightWhite']
[Thornfield] RearShed | SM_RearShed_DoorL | slots=['M_Steel']
[Thornfield] RearShed | SM_RearShed_DoorR | slots=['M_Steel']
[Thornfield] MessHall | SM_MessHall | slots=['M_FloorConcrete', 'M_SteelDark', 'M_SteelOlive', 'M_GlassAmber', 'M_Steel', 'M_LightAmber', 'M_ConcreteDark', 'M_Banner', 'M_Fabric', 'M_LightWhite']
[Thornfield] MessHall | SM_MessHall_DoorL | slots=['M_Steel']
[Thornfield] MessHall | SM_MessHall_DoorR | slots=['M_Steel']
[Thornfield] VERIFY: slots_listed PASS (46 meshes)
[Thornfield] SUMMARY: 1 checks, 1 PASS, 0 FAIL
[Thornfield] Log file: X:\IronBreach\LevelGenTools\logs\p07a_inspect_slots_20261003_050007.log
